[getpropert.com/index.html]
[backblue.gif]
[fade.gif]
[index.html]
[getpropert.com/feed/index.html]
[getpropert.com/comments/feed/index.html]
[getpropert.com/wp-includes/js/jquery/jquery.mina767.js]
[getpropert.com/wp-includes/js/jquery/jquery-migrate.min6b00.js]
[getpropert.com/wp-content/plugins/Plugin/cryptopriceae48.js]
[getpropert.com/wp-content/plugins/google-analytics-for-wordpress/assets/js/frontend-gtag.min9220.js]
[getpropert.com/wp-content/plugins/crypto/public/js/crypto_connect_ajax_processdc8c.js]
[getpropert.com/wp-content/plugins/crypto/public/js/metamask/crypto_connect_login_metamaskae48.js]
[getpropert.com/wp-content/plugins/crypto/public/js/metamask/libraryae48.js]
[getpropert.com/wp-content/plugins/crypto/public/js/web3.minae48.js]
[getpropert.com/wp-content/plugins/crypto/public/js/crypto-publicdc8c.js]
[getpropert.com/wp-json/wp/v2/pages/2330.json]
[getpropert.com/wp-json/index.html]
[getpropert.com/wp-json/oembed/1.0/embed88eb.json]
[getpropert.com/wp-json/oembed/1.0/embedf8ab]
[getpropert.com/wp-content/uploads/2022/03/Favicon-150x150.png]
[getpropert.com/wp-content/uploads/2022/03/Favicon-300x300.png]
[getpropert.com/wp-content/uploads/2022/01/ProperTlogo.png]
[getpropert.com/blog/index.html]
[no-cache.hubspot.com/cta/default/8381595/32e328fe-25c6-4ec8-8963-9a990c4e8944.png]
[getpropert.com/airdrop/index.html]
[no-cache.hubspot.com/cta/default/8381595/683643f1-dd3b-4e6b-9ecb-eba70ed22a51.png]
[no-cache.hubspot.com/cta/default/8381595/9a183f1d-8f66-4ff3-ad07-935db10eef80.png]
[getpropert.com/wp-content/uploads/2022/11/Logo_Forumpay.png]
[getpropert.com/wp-content/uploads/2022/11/Logo_Premium-title.png]
[getpropert.com/wp-content/uploads/2022/11/Logo_Ethereum.png]
[getpropert.com/wp-content/uploads/2022/11/Logo_Altisource.png]
[getpropert.com/wp-content/uploads/2022/11/5-1.png]
[getpropert.com/wp-content/uploads/2023/03/Token-exchange.png]
[getpropert.com/wp-content/uploads/2023/03/Merchant.png]
[getpropert.com/wp-content/uploads/2022/11/Icon-06.png]
[getpropert.com/wp-content/uploads/2022/11/Logo_Certik-Ethereum.png]
[getpropert.com/wp-content/uploads/2022/11/Certik-illustration.png]
[no-cache.hubspot.com/cta/default/8381595/3fff6a2d-b997-4401-8f4f-068a520a7155.png]
[getpropert.com/wp-content/uploads/2023/03/ProperT-flow-825x1024.png]
[getpropert.com/wp-content/uploads/2022/11/Mobile-709x1024.png]
[getpropert.com/wp-content/uploads/2022/11/Icon-04-1.png]
[getpropert.com/wp-content/uploads/2022/11/Icon-05.png]
[getpropert.com/wp-content/uploads/2023/03/Airdrop-icon.png]
[no-cache.hubspot.com/cta/default/8381595/fc9a2582-6da5-42ec-ba39-8bc11636734d.png]
[getpropert.com/start-airdrop/index.html]
[getpropert.com/wp-content/uploads/2022/11/01.png]
[js.hsforms.net/forms/embed/v2.js]
[getpropert.com/wp-content/uploads/2022/11/02.png]
[getpropert.com/wp-content/uploads/2022/11/03.png]
[getpropert.com/wp-content/uploads/2022/11/04.png]
[getpropert.com/wp-content/uploads/2022/11/05.png]
[getpropert.com/wp-content/uploads/2022/11/06.png]
[getpropert.com/wp-content/uploads/2022/11/SM-1.png]
[getpropert.com/wp-content/uploads/2022/11/SM-2.png]
[getpropert.com/wp-content/uploads/2022/11/SM-3.png]
[getpropert.com/wp-content/uploads/2022/11/SM-4.png]
[getpropert.com/wp-content/uploads/2022/11/SM-5.png]
[getpropert.com/wp-content/uploads/2022/11/girl.jpg]
[getpropert.com/wp-content/uploads/2022/11/man.jpg]
[getpropert.com/wp-content/uploads/2022/01/ProperTlogo-300x85.png]
[js.hsforms.net/forms/v2.js]
[getpropert.com/privacy-policy/index.html]
[getpropert.com/wp-content/plugins/addon-elements-for-elementor-page-builder/assets/js/eae.mincb2f.js]
[getpropert.com/wp-content/plugins/elementor/assets/lib/font-awesome/js/v4-shims.min5152.js]
[getpropert.com/wp-content/plugins/addon-elements-for-elementor-page-builder/assets/js/animated-main.min5152.js]
[getpropert.com/wp-content/plugins/addon-elements-for-elementor-page-builder/assets/js/particles.min001e.js]
[getpropert.com/wp-content/plugins/addon-elements-for-elementor-page-builder/assets/lib/magnific.minf488.js]
[getpropert.com/wp-content/plugins/addon-elements-for-elementor-page-builder/assets/lib/vegas/vegas.min8d5a.js]
[js.hs-scripts.com/8381595e0ef.js]
[getpropert.com/wp-content/plugins/the-plus-addons-for-elementor-page-builder/assets/js/admin/tp-advanced-shadow-layoutfee8.js]
[getpropert.com/wp-content/themes/sinatra/assets/js/sinatra.min1576.js]
[getpropert.com/wp-content/plugins/elementor-pro/assets/lib/smartmenus/jquery.smartmenus.minf269.js]
[getpropert.com/wp-content/plugins/make-column-clickable-elementor/assets/js/make-column-clickable2fca.js]
[js.hsforms.net/forms/embed/v25881.js]
[getpropert.com/wp-content/plugins/elementor-pro/assets/js/webpack-pro.runtime.mine56c.js]
[getpropert.com/wp-content/plugins/elementor/assets/js/webpack.runtime.minfb6f.js]
[getpropert.com/wp-content/plugins/elementor/assets/js/frontend-modules.minfb6f.js]
[getpropert.com/wp-includes/js/dist/vendor/wp-polyfill-inert.min0226.js]
[getpropert.com/wp-includes/js/dist/vendor/regenerator-runtime.min8fa4.js]
[getpropert.com/wp-includes/js/dist/vendor/wp-polyfill.min2c7c.js]
[getpropert.com/wp-includes/js/dist/hooks.min6c65.js]
[getpropert.com/wp-includes/js/dist/i18n.mine57b.js]
[getpropert.com/wp-content/plugins/elementor-pro/assets/js/frontend.mine56c.js]
[getpropert.com/wp-content/plugins/elementor/assets/lib/waypoints/waypoints.min05da.js]
[getpropert.com/wp-includes/js/jquery/ui/core.min3f14.js]
[getpropert.com/wp-content/plugins/elementor/assets/js/frontend.minfb6f.js]
[getpropert.com/wp-content/plugins/elementor-pro/assets/js/elements-handlers.mine56c.js]
[getpropert.com/wp-content/plugins/elementor-pro/assets/lib/sticky/jquery.sticky.mine56c.js]
[getpropert.com/wp-includes/js/underscore.mind584.js]
[getpropert.com/wp-includes/js/wp-util.minae48.js]
[getpropert.com/wp-content/plugins/wpforms-lite/assets/js/integrations/elementor/frontend.min725d.js]
[getpropert.com/index.html]
[www.googletagmanager.com/gtm5445.html]
[getpropert.com/wp-content/plugins/Plugin/cryptopriceae48.css]
[getpropert.com/wp-content/plugins/wp-call-button/assets/block/build/index2580.css]
[getpropert.com/wp-includes/css/classic-themes.minae48.css]
[getpropert.com/wp-content/plugins/addon-elements-for-elementor-page-builder/assets/css/eae.mincb2f.css]
[getpropert.com/wp-content/plugins/elementor/assets/lib/font-awesome/css/v4-shims.min5152.css]
[getpropert.com/wp-content/plugins/elementor/assets/lib/font-awesome/webfonts/fa-brands-400.eot]
[getpropert.com/wp-content/plugins/elementor/assets/lib/font-awesome/webfonts/fa-brands-400d41d.eot]
[getpropert.com/wp-content/plugins/elementor/assets/lib/font-awesome/webfonts/fa-brands-400.woff2]
[getpropert.com/wp-content/plugins/elementor/assets/lib/font-awesome/webfonts/fa-brands-400.woff]
[getpropert.com/wp-content/plugins/elementor/assets/lib/font-awesome/webfonts/fa-brands-400.ttf]
[getpropert.com/wp-content/plugins/elementor/assets/lib/font-awesome/webfonts/fa-regular-400.eot]
[getpropert.com/wp-content/plugins/elementor/assets/lib/font-awesome/webfonts/fa-regular-400d41d.eot]
[getpropert.com/wp-content/plugins/elementor/assets/lib/font-awesome/webfonts/fa-regular-400.woff2]
[getpropert.com/wp-content/plugins/elementor/assets/lib/font-awesome/webfonts/fa-regular-400.woff]
[getpropert.com/wp-content/plugins/elementor/assets/lib/font-awesome/webfonts/fa-regular-400.ttf]
[getpropert.com/wp-content/plugins/elementor/assets/lib/font-awesome/webfonts/fa-solid-900.eot]
[getpropert.com/wp-content/plugins/elementor/assets/lib/font-awesome/webfonts/fa-solid-900d41d.eot]
[getpropert.com/wp-content/plugins/elementor/assets/lib/font-awesome/webfonts/fa-solid-900.woff2]
[getpropert.com/wp-content/plugins/elementor/assets/lib/font-awesome/webfonts/fa-solid-900.woff]
[getpropert.com/wp-content/plugins/elementor/assets/lib/font-awesome/webfonts/fa-solid-900.ttf]
[getpropert.com/wp-content/plugins/elementor/assets/lib/font-awesome/css/all.min5152.css]
[getpropert.com/wp-content/plugins/addon-elements-for-elementor-page-builder/assets/lib/vegas/vegas.min8d5a.css]
[getpropert.com/wp-content/plugins/crypto/public/img/error.png]
[getpropert.com/wp-content/plugins/crypto/public/img/success.png]
[getpropert.com/wp-content/plugins/crypto/public/img/warning.png]
[getpropert.com/wp-content/plugins/crypto/public/img/notice.png]
[getpropert.com/wp-content/plugins/crypto/public/css/crypto-publicdc8c.css]
[getpropert.com/wp-content/plugins/crypto/public/css/flexi-public-mindc8c.css]
[getpropert.com/wp-content/themes/sinatra/assets/css/style.min1576.css]
[getpropert.com/wp-content/uploads/sinatra/dynamic-stylesb03d.css]
[getpropert.com/wp-content/themes/sinatra/assets/css/compatibility/elementor.min1576.css]
[getpropert.com/wp-content/plugins/elementor/assets/lib/eicons/fonts/eiconsd6bb.eot]
[getpropert.com/wp-content/plugins/elementor/assets/lib/eicons/fonts/eiconsd6bb.woff2]
[getpropert.com/wp-content/plugins/elementor/assets/lib/eicons/fonts/eiconsd6bb.woff]
[getpropert.com/wp-content/plugins/elementor/assets/lib/eicons/fonts/eiconsd6bb.ttf]
[getpropert.com/wp-content/plugins/elementor/assets/lib/eicons/css/elementor-icons.min3b94.css]
[getpropert.com/wp-content/plugins/elementor/assets/css/frontend-lite.minfb6f.css]
[getpropert.com/wp-content/plugins/elementor/assets/lib/swiper/css/swiper.min48f5.css]
[getpropert.com/wp-content/uploads/elementor/css/post-422d583.css]
[getpropert.com/wp-content/plugins/elementor-pro/assets/css/frontend-lite.mine56c.css]
[getpropert.com/wp-content/uploads/elementor/css/global38f1.css]
[getpropert.com/wp-content/uploads/2022/11/Background.png]
[getpropert.com/wp-content/uploads/elementor/css/post-23302bce.css]
[getpropert.com/wp-content/uploads/elementor/css/post-4081e5.css]
[getpropert.com/wp-content/uploads/elementor/css/post-4766a7.css]
[getpropert.com/wp-content/uploads/elementor/css/post-14475a54.css]
[getpropert.com/wp-content/plugins/elementor/assets/lib/font-awesome/css/fontawesome.min52d5.css]
[getpropert.com/wp-content/plugins/elementor/assets/lib/font-awesome/css/solid.min52d5.css]
[getpropert.com/wp-content/plugins/elementor/assets/lib/font-awesome/css/brands.min52d5.css]
[getpropert.com/wp-includes/wlwmanifest.html]
[getpropert.com/wp-content/plugins/elementor-pro/assets/css/widget-nav-menu.min.css]
[getpropert.com/blog/page/2/index.html]
[getpropert.com/blog/crypto-real-estate-hot-spots-in-the-usa-2023/index.html]
[getpropert.com/wp-content/uploads/elementor/thumbs/ProperT-March_01-q4k4uynjuc7d9q63r8f19ulks1v5x53nf4arnqf7h0.png]
[getpropert.com/wp-content/uploads/2023/03/03-768x433.jpg]
[getpropert.com/wp-content/uploads/2023/03/02-768x433.jpg]
[getpropert.com/2023/04/05/index.html]
[getpropert.com/wp-content/uploads/2023/03/01-768x433.jpg]
[getpropert.com/blog/major-businesses-in-real-estate-taking-on-crypto/index.html]
[getpropert.com/wp-content/uploads/2023/02/What-Benefits-Can-Crypto-Offer-768x432.jpg]
[getpropert.com/blog/whats-a-crypto-payment-processor/index.html]
[getpropert.com/blog/what-are-the-best-crypto-wallets/index.html]
[getpropert.com/wp-content/uploads/2023/02/Crypto-Payment-Basics-How-to-Accept-Crypto-Payments-In-Store-768x432.jpg]
[getpropert.com/blog/what-benefits-can-crypto-offer/index.html]
[getpropert.com/wp-content/uploads/2023/02/Crypto-Payment-Basics-How-to-Accept-Crypto-Payments-Online-768x432.jpg]
[getpropert.com/blog/crypto-payment-basics-how-to-accept-crypto-payments-in-store/index.html]
[getpropert.com/blog/crypto-payment-basics-how-to-accept-crypto-payments-online/index.html]
[getpropert.com/wp-includes/js/imagesloaded.mineda1.js]
[getpropert.com/blog/index.html]
[getpropert.com/wp-json/wp/v2/pages/2942.json]
[getpropert.com/wp-json/oembed/1.0/embed6ff3.json]
[getpropert.com/wp-json/oembed/1.0/embed54ec]
[getpropert.com/wp-content/uploads/2023/03/Token-header-768x734.png]
[getpropert.com/wp-content/uploads/2023/03/Ilustracion-01a-1024x976.png]
[getpropert.com/wp-content/uploads/2023/03/Ilustracion-02a-1006x1024.png]
[getpropert.com/airdrop/index.html]
[js.hscta.net/cta/current.js]
[getpropert.com/wp-content/uploads/2022/11/Header-illustration-3-1024x653.png]
[getpropert.com/wp-json/wp/v2/pages/2831.json]
[getpropert.com/wp-json/oembed/1.0/embed3fb7]
[getpropert.com/start-airdrop/index.html]
[embed.typeform.com/next/embed.js]
[getpropert.com/wp-json/wp/v2/pages/1377.json]
[getpropert.com/wp-json/oembed/1.0/embed9809.json]
[getpropert.com/wp-json/oembed/1.0/embed5080]
[getpropert.com/privacy-policy/index.html]
[getpropert.com/wp-includes/css/dist/block-library/style.minae48.css]
[getpropert.com/wp-content/plugins/addon-elements-for-elementor-page-builder/assets/css/arrow-left.svg]
[getpropert.com/wp-content/plugins/addon-elements-for-elementor-page-builder/assets/css/arrow-right.svg]
[getpropert.com/wp-content/plugins/addon-elements-for-elementor-page-builder/assets/digit-sep-svg.svg]
[getpropert.com/wp-content/plugins/addon-elements-for-elementor-page-builder/assets/digits-svg-alpha.svg]
[getpropert.com/wp-content/plugins/elementor/assets/lib/font-awesome/webfonts/fa-brands-400.svg]
[getpropert.com/wp-content/plugins/elementor/assets/lib/font-awesome/webfonts/fa-regular-400.svg]
[getpropert.com/wp-content/plugins/elementor/assets/lib/font-awesome/webfonts/fa-solid-900.svg]
[getpropert.com/wp-content/plugins/elementor/assets/lib/eicons/fonts/eiconsd6bb.svg]
[getpropert.com/wp-content/uploads/elementor/thumbs/The-Future-of-Real-Estate-in-The-USA-pyj422rxkd97unaqs62l8jyy6yyxb5vrazk7mkqob8.jpg]
[getpropert.com/wp-content/uploads/2022/12/04-768x432.jpg]
[getpropert.com/blog/the-future-of-real-estate-in-the-usa/index.html]
[getpropert.com/blog/what-is-blockchain-technology/index.html]
[getpropert.com/2022/12/01/index.html]
[getpropert.com/wp-content/uploads/2022/12/03-768x432.jpg]
[getpropert.com/blog/the-future-of-digitalizing-assets/index.html]
[getpropert.com/wp-content/uploads/2022/12/The-Future-of-Real-Estate-in-The-USA-768x432.jpg]
[getpropert.com/wp-content/uploads/2022/11/01-768x432.jpg]
[getpropert.com/wp-content/uploads/2022/11/The-Economic-Impact-of-Crypto-and-Real-Estate-768x432.jpg]
[getpropert.com/blog/page/2/index.html]
[getpropert.com/wp-content/uploads/elementor/css/post-725255f.css]
[getpropert.com/wp-content/uploads/2022/06/ProperT-Blog-1.svg]
[getpropert.com/blog/blockchain-the-technology-changing-the-real-estate-game/index.html]
[getpropert.com/wp-content/uploads/2023/04/ProperT-March_01.png]
[getpropert.com/blog/top-real-estate-deals-done-with-bitcoin/index.html]
[getpropert.com/blog/the-economic-impact-of-crypto-and-real-estate/index.html]
[getpropert.com/blog/crypto-real-estate-hot-spots-in-the-usa-2023/feed/index.html]
[getpropert.com/wp-json/wp/v2/posts/3284.json]
[getpropert.com/wp-json/oembed/1.0/embedded1.json]
[getpropert.com/wp-json/oembed/1.0/embeddc5a]
[getpropert.com/wp-content/uploads/2023/04/ProperT-March_01-768x432.png]
[getpropert.com/wp-includes/js/comment-reply.minae48.js]
[getpropert.com/blog/crypto-real-estate-hot-spots-in-the-usa-2023/index.html]
[getpropert.com/wp-content/plugins/elementor/assets/css/widget-icon-list.min.css]
[getpropert.com/wp-content/plugins/elementor-pro/assets/css/widget-theme-elements.min.css]
[getpropert.com/2023/04/05/index.html]
[getpropert.com/wp-content/plugins/elementor-pro/assets/css/widget-posts.min.css]
[getpropert.com/wp-content/uploads/2023/03/03.jpg]
[getpropert.com/blog/major-businesses-in-real-estate-taking-on-crypto/feed/index.html]
[getpropert.com/wp-json/wp/v2/posts/3254.json]
[getpropert.com/wp-json/oembed/1.0/embed9e38.json]
[getpropert.com/wp-json/oembed/1.0/embedb245]
[getpropert.com/blog/major-businesses-in-real-estate-taking-on-crypto/index.html]
[getpropert.com/wp-content/uploads/2023/03/02.jpg]
[getpropert.com/wp-json/wp/v2/posts/3214.json]
[getpropert.com/wp-json/oembed/1.0/embed4051.json]
[getpropert.com/wp-json/oembed/1.0/embedd1b8]
[getpropert.com/blog/whats-a-crypto-payment-processor/index.html]
[getpropert.com/wp-content/uploads/2023/03/01.jpg]
[getpropert.com/wp-json/wp/v2/posts/2974.json]
[getpropert.com/wp-json/oembed/1.0/embed7a1d.json]
[getpropert.com/wp-json/oembed/1.0/embedee07]
[getpropert.com/blog/what-are-the-best-crypto-wallets/index.html]
[getpropert.com/wp-content/uploads/2023/02/What-Benefits-Can-Crypto-Offer.jpg]
[getpropert.com/wp-json/wp/v2/posts/2872.json]
[getpropert.com/wp-json/oembed/1.0/embed948c.json]
[getpropert.com/wp-json/oembed/1.0/embeddfb0]
[getpropert.com/blog/what-benefits-can-crypto-offer/index.html]
[getpropert.com/wp-content/uploads/2023/02/Crypto-Payment-Basics-How-to-Accept-Crypto-Payments-In-Store.jpg]
[getpropert.com/wp-json/wp/v2/posts/2859.json]
[getpropert.com/wp-json/oembed/1.0/embedec2d.json]
[getpropert.com/wp-json/oembed/1.0/embedb3d9]
[getpropert.com/blog/crypto-payment-basics-how-to-accept-crypto-payments-in-store/index.html]
[getpropert.com/wp-content/uploads/2023/02/Crypto-Payment-Basics-How-to-Accept-Crypto-Payments-Online.jpg]
[getpropert.com/wp-json/wp/v2/posts/2812.json]
[getpropert.com/wp-json/oembed/1.0/embedc5be.json]
[getpropert.com/wp-json/oembed/1.0/embed322d]
[getpropert.com/blog/crypto-payment-basics-how-to-accept-crypto-payments-online/index.html]
[getpropert.com/wp-content/plugins/elementor/assets/lib/font-awesome/css/regular.min52d5.css]
[getpropert.com/wp-content/uploads/2023/03/BG-Header-4.png]
[getpropert.com/wp-content/uploads/elementor/css/post-294248b8.css]
[getpropert.com/indexdea0.html]
[getpropert.com/wp-content/uploads/2023/03/Ilustration-3.svg]
[getpropert.com/wp-content/uploads/2023/03/Ilustration-4.svg]
[getpropert.com/wp-content/uploads/2023/03/Ilustration-5a.svg]
[getpropert.com/wp-content/uploads/2023/03/Ilustration-8.svg]
[getpropert.com/wp-content/uploads/elementor/css/post-2831d800.css]
[getpropert.com/index7034.html]
[getpropert.com/wp-json/oembed/1.0/embede213]
[embed.typeform.com/next/embed.js]
[getpropert.com/wp-content/uploads/elementor/css/post-1377d2ca.css]
[getpropert.com/index91ff.html]
[getpropert.com/xmlrpc0db0.html]
[getpropert.com/wp-content/uploads/2022/12/The-Future-of-Real-Estate-in-The-USA.jpg]
[getpropert.com/wp-json/wp/v2/posts/2723.json]
[getpropert.com/wp-json/oembed/1.0/embed6e1f.json]
[getpropert.com/wp-json/oembed/1.0/embed3932]
[getpropert.com/blog/the-future-of-real-estate-in-the-usa/index.html]
[getpropert.com/2022/12/01/index.html]
[getpropert.com/blog/are-cryptocurrencies-revolutionizing-the-future-of-real-estate/index.html]
[getpropert.com/wp-content/uploads/2023/01/What-is-Blockchain-Technology_.jpg]
[getpropert.com/blog/can-i-pay-my-mortgage-with-crypto/index.html]
[getpropert.com/wp-json/wp/v2/posts/2806.json]
[getpropert.com/blog/how-to-buy-a-house-with-crypto/index.html]
[getpropert.com/wp-json/oembed/1.0/embed06e9.json]
[getpropert.com/wp-json/oembed/1.0/embed0ced]
[getpropert.com/blog/what-is-blockchain-technology/index.html]
[getpropert.com/wp-content/uploads/2023/01/What-is-Blockchain-Technology_-768x432.jpg]
[getpropert.com/wp-content/uploads/2022/12/04.jpg]
[getpropert.com/wp-json/wp/v2/posts/2787.json]
[getpropert.com/wp-json/oembed/1.0/embedcd1d.json]
[getpropert.com/wp-json/oembed/1.0/embed765a]
[getpropert.com/blog/the-future-of-digitalizing-assets/index.html]
[getpropert.com/wp-admin/admin-ajax.php]
[getpropert.com/wp-content/uploads/2022/12/03.jpg]
[getpropert.com/wp-json/wp/v2/posts/2760.json]
[getpropert.com/wp-json/oembed/1.0/embed909a.json]
[getpropert.com/wp-json/oembed/1.0/embedca20]
[getpropert.com/wp-includes/js/jquery/ui/mouse.min3f14.js]
[getpropert.com/wp-includes/js/jquery/ui/slider.min3f14.js]
[getpropert.com/wp-content/uploads/theplus-addons/theplus.min463c.js]
[getpropert.com/blog/top-real-estate-deals-done-with-bitcoin/index.html]
[getpropert.com/wp-content/uploads/2022/11/01.jpg]
[getpropert.com/wp-json/wp/v2/posts/2699.json]
[getpropert.com/wp-json/oembed/1.0/embed5d2b.json]
[getpropert.com/wp-json/oembed/1.0/embedcb70]
[getpropert.com/blog/blockchain-the-technology-changing-the-real-estate-game/index.html]
[getpropert.com/wp-content/uploads/2022/11/The-Economic-Impact-of-Crypto-and-Real-Estate.jpg]
[getpropert.com/wp-json/wp/v2/posts/2659.json]
[getpropert.com/wp-json/oembed/1.0/embed7042.json]
[getpropert.com/wp-json/oembed/1.0/embed3fe1]
[getpropert.com/blog/how-crypto-affects-real-estate-taxes/index.html]
[getpropert.com/wp-content/uploads/theplus-addons/theplus.mina610.js]
[getpropert.com/blog/the-economic-impact-of-crypto-and-real-estate/index.html]
[getpropert.com/wp-content/uploads/elementor/css/post-81308fb.css]
[getpropert.com/indexf2c7.html]
[getpropert.com/wp-content/plugins/elementor-pro/assets/css/widget-share-buttons.min.css]
[getpropert.com/index1d2e.html]
[getpropert.com/indexe32f.html]
[getpropert.com/index2870.html]
[getpropert.com/index93db.html]
[getpropert.com/index7760.html]
[getpropert.com/index20d4.html]
[getpropert.com/wp-content/uploads/2023/03/Ilustration-6a.svg]
[getpropert.com/indexaf97.html]
[getpropert.com/blog/how-to-buy-and-use-propert/index.html]
[getpropert.com/author/josevi/index.html]
[getpropert.com/wp-content/uploads/2022/09/Are-Cryptocurrencies-Revolutionizing-the-Future-of-Real-Estate.jpg]
[getpropert.com/wp-json/wp/v2/posts/2116.json]
[getpropert.com/wp-json/oembed/1.0/embeda069.json]
[getpropert.com/wp-json/oembed/1.0/embed388f]
[getpropert.com/wp-content/uploads/theplus-addons/theplus.min2b5e.js]
[getpropert.com/blog/are-cryptocurrencies-revolutionizing-the-future-of-real-estate/index.html]
[getpropert.com/wp-content/uploads/2022/08/Can-i-pay-my-mortage-with-crypto.jpg]
[getpropert.com/wp-json/wp/v2/posts/1659.json]
[getpropert.com/wp-json/oembed/1.0/embedba16.json]
[getpropert.com/wp-json/oembed/1.0/embed5acb]
[getpropert.com/blog/can-i-pay-my-mortgage-with-crypto/index.html]
[getpropert.com/wp-content/uploads/2022/06/How-to-Buy-a-House-With-Crypto.jpg]
[getpropert.com/wp-json/wp/v2/posts/930.json]
[getpropert.com/wp-json/oembed/1.0/embedd9fa.json]
[getpropert.com/wp-json/oembed/1.0/embed4b03]
[getpropert.com/wp-content/uploads/theplus-addons/theplus.minca2c.js]
[getpropert.com/blog/how-to-buy-a-house-with-crypto/index.html]
[getpropert.com/index3232.html]
[getpropert.com/index29be.html]
[getpropert.com/wp-admin/admin-ajax.html]
[getpropert.com/wp-admin/admin-post.html]
[getpropert.com/blog/buying-propert-why-stablecoins-are-key/index.html]
[getpropert.com/wp-content/plugins/the-plus-addons-for-elementor-page-builder/assets/images/selectarrow.png]
[getpropert.com/wp-content/plugins/the-plus-addons-for-elementor-page-builder/assets/images/ajax-loader.gif]
[getpropert.com/wp-content/uploads/theplus-addons/theplus.min463c.css]
[getpropert.com/index4ad4.html]
[getpropert.com/indexd80c.html]
[getpropert.com/wp-content/uploads/theplus-addons/theplus.mina610.css]
[getpropert.com/indexbf56.html]
[getpropert.com/wp-content/uploads/2022/06/How-To-buy-and-use-propert.jpg]
[getpropert.com/wp-json/wp/v2/posts/941.json]
[getpropert.com/wp-json/oembed/1.0/embed4f7e.json]
[getpropert.com/wp-json/oembed/1.0/embed31d2]
[getpropert.com/wp-content/uploads/theplus-addons/theplus.mind2fb.js]
[getpropert.com/blog/how-to-buy-and-use-propert/index.html]
[getpropert.com/wp-content/uploads/2022/09/How-Crypto-Affects-Real-Estate-Taxes.jpg]
[getpropert.com/wp-json/wp/v2/posts/2253.json]
[getpropert.com/wp-json/oembed/1.0/embed3c0b.json]
[getpropert.com/wp-json/oembed/1.0/embed5899]
[getpropert.com/blog/how-crypto-affects-real-estate-taxes/index.html]
[getpropert.com/author/josevi/index.html]
[getpropert.com/indexdb2f.html]
[getpropert.com/index9b2c.html]
[getpropert.com/blog/giving-homebuyers-purchasing-power/index.html]
[getpropert.com/author/josevi/page/2/index.html]
[getpropert.com/author/josevi/feed/index.html]
[getpropert.com/wp-content/uploads/theplus-addons/theplus.minca2c.css]
[getpropert.com/index3177.html]
[getpropert.com/wp-content/uploads/2022/06/Why-stablecoins.jpg]
[getpropert.com/wp-json/wp/v2/posts/826.json]
[getpropert.com/wp-json/oembed/1.0/embedbd03.json]
[getpropert.com/wp-json/oembed/1.0/embed9130]
[getpropert.com/wp-content/uploads/theplus-addons/theplus.minba8c.js]
[getpropert.com/blog/buying-propert-why-stablecoins-are-key/index.html]
[getpropert.com/blog/propert-tokens-explained/index.html]
[getpropert.com/wp-content/uploads/theplus-addons/theplus.mind2fb.css]
[getpropert.com/index1426.html]
[getpropert.com/index2a5c.html]
[getpropert.com/xmlrpc.html]
[getpropert.com/author/josevi/page/2/index.html]
[getpropert.com/wp-json/wp/v2/users/7.json]
[getpropert.com/wp-content/uploads/theplus-addons/theplus.min2b5e.css]
[getpropert.com/indexf689.html]
[getpropert.com/wp-content/uploads/2022/06/Tokens-explained.jpg]
[getpropert.com/wp-json/wp/v2/posts/810.json]
[getpropert.com/wp-json/oembed/1.0/embedf00d.json]
[getpropert.com/wp-json/oembed/1.0/embed6d2d]
[getpropert.com/wp-content/uploads/theplus-addons/theplus.min0a79.js]
[getpropert.com/blog/propert-tokens-explained/index.html]
[getpropert.com/wp-content/plugins/the-plus-addons-for-elementor-page-builder/assets/images/info-box/hexagon-shape.svg]
[getpropert.com/wp-content/uploads/theplus-addons/theplus.min0a79.css]
[getpropert.com/index7efb.html]
